src/components/Analytics.tsx(183,109): error TS1005: ')' expected.
src/components/Analytics.tsx(184,18): error TS1381: Unexpected token. Did you mean `{'}'}` or `&rbrace;`?
src/components/Marketplace.tsx(34,7): error TS1382: Unexpected token. Did you mean `{'>'}` or `&gt;`?
src/components/Marketplace.tsx(34,19): error TS17002: Expected corresponding JSX closing tag for 'div'.
src/lib/eventHandler.ts(91,1): error TS1128: Declaration or statement expected.
